// Jest Snapshot v1, https://goo.gl/fbAQLP

exports[`<MovieList /> renders the MovieList component correctly 1`] = `
<styled.div>
  <h1>
    Star Wars
  </h1>
  <PreLoader />
</styled.div>
`;
